FlexQueryResponse(queryName='stock_grant', type='AF', len(FlexStatements)=1, Message=None)

FlexStatement(accountId='U123456', fromDate=datetime.date(2025, 6, 1), toDate=datetime.date(2025, 6, 30), period='LastMonth', whenGenerated=datetime.datetime(2025, 7, 1, 12, 0), len(StockGrantActivities)=1)
  StockGrantActivities:
    StockGrantActivity(accountId='U123456', acctAlias=None, model=None, currency='USD', fxRateToBase=Decimal('0.73459'), assetCategory=<AssetClass.STOCK: 'STK'>, subCategory='COMMON', symbol='IBKR', description='INTERACTIVE BROKERS GRO-CL A', conid='43645865', securityID='US45841N1072', securityIDType='ISIN', cusip='45841N107', isin='US45841N1072', figi='BBG000LV0836', listingExchange='NASDAQ', underlyingConid=None, underlyingSymbol='IBKR', underlyingSecurityID=None, underlyingListingExchange=None, issuer=None, issuerCountryCode='US', multiplier=Decimal('1'), strike=None, expiry=None, putCall=None, principalAdjustFactor=None, reportDate=datetime.date(2025, 6, 12), activityDescription='Stock Award Grant for Cash Deposit', awardDate=datetime.date(2025, 6, 12), vestingDate=datetime.date(2026, 6, 12), quantity=Decimal('2.6454'), price=Decimal('204.51'), value=Decimal('541.01'), serialNumber=None, deliveryType=None, commodityType=None, fineness=Decimal('0.0'), weight=Decimal('0.0'))
